U-Boot 2014.10+fslc+g5fd0b60 (Feb 10 2016 - 21:22:23)

CPU:   Freescale i.MX6DL rev1.1 at 792 MHz
Reset cause: POR
Board: MX6-SabreSD
I2C:   ready
DRAM:  1 GiB
MMC:   FSL_SDHC: 0, FSL_SDHC: 1, FSL_SDHC: 2
No panel detected: default to Hannstar-XGA
Display: Hannstar-XGA (1024x768)
In:    serial
Out:   serial
Err:   serial
PMIC:  PFUZE100 ID=0x10
Net:   FEC [PRIME]
Hit any key to stop autoboot:  0 
=> 
=> pri
baudrate=115200
boot_fdt=try
bootcmd=mmc dev ${mmcdev};if mmc rescan; then if run loadbootscript; then run bootscript; else if run loadimage; then run mmcboot; else run nei
bootdelay=1
bootscript=echo Running bootscript from mmc ...; source
console=ttymxc0
emmcdev=2
ethact=FEC
ethaddr=00:04:9f:03:bc:72
ethprime=FEC
fdt_addr=0x18000000
fdt_file=imx6dl-sabresd-ldo.dtb
fdt_high=0xffffffff
image=zImage
initrd_high=0xffffffff
ip_dyn=yes
loadaddr=0x12000000
loadbootscript=fatload mmc ${mmcdev}:${mmcpart} ${loadaddr} ${script};
loadfdt=fatload mmc ${mmcdev}:${mmcpart} ${fdt_addr} ${fdt_file}
loadimage=fatload mmc ${mmcdev}:${mmcpart} ${loadaddr} ${image}
mmcargs=setenv bootargs console=${console},${baudrate} root=${mmcroot},${baudrate}
mmcboot=echo Booting from mmc ...; run mmcargs; if test ${boot_fdt} = yes || test ${boot_fdt} = try; then if run loadfdt; then bootz ${loadadd;
mmcdev=1
mmcpart=1
mmcroot=/dev/mmcblk0p2 rootwait rw
netargs=setenv bootargs console=${console},${baudrate} root=/dev/nfs ip=dhcp nfsroot=${serverip}:${nfsroot},v3,tcp
netboot=echo Booting from net ...; run netargs; if test ${ip_dyn} = yes; then setenv get_cmd dhcp; else setenv get_cmd tftp; fi; ${get_cmd} ${;
script=boot.scr
update_emmc_firmware=if test ${ip_dyn} = yes; then setenv get_cmd dhcp; else setenv get_cmd tftp; fi; if ${get_cmd} ${update_sd_firmware_fileni
update_sd_firmware=if test ${ip_dyn} = yes; then setenv get_cmd dhcp; else setenv get_cmd tftp; fi; if mmc dev ${mmcdev}; then if ${get_cmd} $i

Environment size: 2292/8188 bytes
=> boot
switch to partitions #0, OK
mmc1 is current device
reading boot.scr
** Unable to read file boot.scr **
reading zImage
5287648 bytes read in 468 ms (10.8 MiB/s)
Booting from mmc ...
reading imx6dl-sabresd-ldo.dtb
47956 bytes read in 23 ms (2 MiB/s)
Kernel image @ 0x12000000 [ 0x000000 - 0x50aee0 ]
## Flattened Device Tree blob at 18000000
   Booting using the fdt blob at 0x18000000
   Using Device Tree in place at 18000000, end 1800eb53

Starting kernel ...

Booting Linux on physical CPU 0x0
Linux version 3.10.17-1.0.2_ga+g33597e3 (manoj@manoj) (gcc version 4.9.1 (GCC) ) #1 SMP PREEMPT Wed Feb 10 19:44:51 IST 2016
CPU: ARMv7 Processor [412fc09a] revision 10 (ARMv7), cr=10c53c7d
CPU: PIPT / VIPT nonaliasing data cache, VIPT aliasing instruction cache
Machine: Freescale i.MX6 Quad/DualLite (Device Tree), model: Freescale i.MX6 DualLite SABRE Smart Device Board(PFUZE100)
cma: CMA: reserved 320 MiB at 3c000000
Memory policy: ECC disabled, Data cache writealloc
PERCPU: Embedded 8 pages/cpu @81519000 s8896 r8192 d15680 u32768
Built 1 zonelists in Zone order, mobility grouping on.  Total pages: 260096
Kernel command line: console=ttymxc0,115200 root=/dev/mmcblk0p2 rootwait rw,115200
PID hash table entries: 4096 (order: 2, 16384 bytes)
Dentry cache hash table entries: 131072 (order: 7, 524288 bytes)
Inode-cache hash table entries: 65536 (order: 6, 262144 bytes)
Memory: 1024MB = 1024MB total
Memory: 697732k/697732k available, 350844k reserved, 0K highmem
Virtual kernel memory layout:
    vector  : 0xffff0000 - 0xffff1000   (   4 kB)
    fixmap  : 0xfff00000 - 0xfffe0000   ( 896 kB)
    vmalloc : 0xc0800000 - 0xff000000   (1000 MB)
    lowmem  : 0x80000000 - 0xc0000000   (1024 MB)
    pkmap   : 0x7fe00000 - 0x80000000   (   2 MB)
    modules : 0x7f000000 - 0x7fe00000   (  14 MB)
      .text : 0x80008000 - 0x80c022d4   (12265 kB)
      .init : 0x80c03000 - 0x80c462c0   ( 269 kB)
      .data : 0x80c48000 - 0x80c98be0   ( 323 kB)
       .bss : 0x80c98be0 - 0x80d01d64   ( 421 kB)
SLUB: HWalign=64, Order=0-3, MinObjects=0, CPUs=2, Nodes=1
Preemptible hierarchical RCU implementation.
        RCU restricting CPUs from NR_CPUS=4 to nr_cpu_ids=2.
NR_IRQS:16 nr_irqs:16 16
L310 cache controller enabled
l2x0: 16 ways, CACHE_ID 0x410000c8, AUX_CTRL 0x32050000, Cache size: 524288 B
sched_clock: 32 bits at 3000kHz, resolution 333ns, wraps every 1431655ms
CPU identified as i.MX6DL, silicon rev 1.1
Console: colour dummy device 80x30
Calibrating delay loop... 1581.05 BogoMIPS (lpj=7905280)
pid_max: default: 32768 minimum: 301
Mount-cache hash table entries: 512
CPU: Testing write buffer coherency: ok
CPU0: thread -1, cpu 0, socket 0, mpidr 80000000
Setting up static identity map for 0x80631048 - 0x806310a0
CPU1: Booted secondary processor
CPU1: thread -1, cpu 1, socket 0, mpidr 80000001
Brought up 2 CPUs
SMP: Total of 2 processors activated (3162.11 BogoMIPS).
CPU: All CPU(s) started in SVC mode.
devtmpfs: initialized
pinctrl core: initialized pinctrl subsystem
regulator-dummy: no parameters
NET: Registered protocol family 16
DMA: preallocated 256 KiB pool for atomic coherent allocations
Use WDOG1 as reset source
syscon 20c8000.anatop: regmap [mem 0x020c8000-0x020c8fff] registered
vdd1p1: 800 <--> 1375 mV at 1125 mV 
vdd3p0: 2800 <--> 3150 mV at 3000 mV 
vdd2p5: 2000 <--> 2750 mV at 2425 mV 
cpu: 725 <--> 1450 mV at 1150 mV 
vddpu: 725 <--> 1450 mV at 1150 mV 
vddsoc: 725 <--> 1450 mV at 1175 mV 
syscon 20e0000.iomuxc-gpr: regmap [mem 0x020e0000-0x020e0037] registered
syscon 21bc000.ocotp-ctrl: regmap [mem 0x021bc000-0x021bffff] registered
hw-breakpoint: found 5 (+1 reserved) breakpoint and 1 watchpoint registers.
hw-breakpoint: maximum watchpoint size is 4 bytes.
imx6dl-pinctrl 20e0000.iomuxc: initialized IMX pinctrl driver
bio: create slab <bio-0> at 0
mxs-dma 110000.dma-apbh: initialized
usb_otg_vbus: 5000 mV 
usb_h1_vbus: 5000 mV 
wm8962-supply: no parameters
mipi_dsi_pwr_on: no parameters
sensor-supply: 3300 mV 
i2c-core: driver [max17135] using legacy suspend method
i2c-core: driver [max17135] using legacy resume method
SCSI subsystem initialized
usbcore: registered new interface driver usbfs
usbcore: registered new interface driver hub
usbcore: registered new device driver usb
i2c i2c-0: IMX I2C adapter registered
i2c i2c-1: IMX I2C adapter registered
i2c i2c-2: Max17135 PMIC not found!
i2c i2c-2: IMX I2C adapter registered
Linux video capture interface: v2.00
pps_core: LinuxPPS API ver. 1 registered
pps_core: Software ver. 5.3.6 - Copyright 2005-2007 Rodolfo Giometti <giometti@linux.it>
PTP clock support registered
imx-ipuv3 2400000.ipu: IPU DMFC NORMAL mode: 1(0~1), 5B(4,5), 5F(6,7)
mxc_mipi_csi2 21dc000.mipi_csi: i.MX MIPI CSI2 driver probed
mxc_mipi_csi2 21dc000.mipi_csi: i.MX MIPI CSI2 dphy version is 0x3130302a
MIPI CSI2 driver module loaded
Advanced Linux Sound Architecture Driver Initialized.
cfg80211: Calling CRDA to update world regulatory domain
Switching to clocksource mxc_timer1
NET: Registered protocol family 2
TCP established hash table entries: 8192 (order: 4, 65536 bytes)
TCP bind hash table entries: 8192 (order: 4, 65536 bytes)
TCP: Hash tables configured (established 8192 bind 8192)
TCP: reno registered
UDP hash table entries: 512 (order: 2, 16384 bytes)
UDP-Lite hash table entries: 512 (order: 2, 16384 bytes)
NET: Registered protocol family 1
RPC: Registered named UNIX socket transport module.
RPC: Registered udp transport module.
RPC: Registered tcp transport module.
RPC: Registered tcp NFSv4.1 backchannel transport module.
hw perfevents: enabled with ARMv7 Cortex-A9 PMU driver, 7 counters available
pureg-dummy: no parameters
Bus freq driver module loaded
VFS: Disk quotas dquot_6.5.2
Dquot-cache hash table entries: 1024 (order 0, 4096 bytes)
NFS: Registering the id_resolver key type
Key type id_resolver registered
Key type id_legacy registered
jffs2: version 2.2. (NAND) �© 2001-2006 Red Hat, Inc.
fuse init (API version 7.22)
msgmni has been set to 2002
io scheduler noop registered
io scheduler deadline registered
io scheduler cfq registered (default)
imx-weim 21b8000.weim: WEIM driver registered.
mxc_mipi_dsi 21e0000.mipi: i.MX MIPI DSI driver probed
MIPI DSI driver module loaded
mxc_sdc_fb fb.30: register mxc display driver ldb
imx-ipuv3 2400000.ipu: IPU DMFC DP HIGH RESOLUTION: 1(0,1), 5B(2~5), 5F(6,7)
Console: switching to colour frame buffer device 128x48
mxc_sdc_fb fb.31: register mxc display driver hdmi
mxc_hdmi 20e0000.hdmi_video: Detected HDMI controller 0x13:0x1a:0xa0:0xc1
fbcvt: 1920x1080@60: CVT Name - 2.073M9
imx_epdc_fb 20f4000.epdc: Unable to get display PMIC regulator.err = 0xfffffdfb
imx-sdma 20ec000.sdma: no iram assigned, using external mem
imx-sdma 20ec000.sdma: loaded firmware 1.1
imx-sdma 20ec000.sdma: initialized
pfuze100-regulator 1-0008: Full lay: 1, Metal lay: 1
pfuze100-regulator 1-0008: FAB: 0, FIN: 0
pfuze100-regulator 1-0008: pfuze100 found.
SW1AB: 300 <--> 1875 mV at 1375 mV 
SW1C: 300 <--> 1875 mV at 1375 mV 
SW2: 800 <--> 3300 mV at 3300 mV 
SW3A: 400 <--> 1975 mV at 1500 mV 
SW3B: 400 <--> 1975 mV at 1500 mV 
SW4: 800 <--> 3300 mV at 3150 mV 
SWBST: 5000 <--> 5150 mV at 5000 mV 
VSNVS: 1000 <--> 3000 mV at 3000 mV 
VREFDDR: 750 mV 
VGEN1: 800 <--> 1550 mV at 1500 mV 
VGEN2: 800 <--> 1550 mV at 1500 mV 
VGEN3: 1800 <--> 3300 mV at 2800 mV 
VGEN4: 1800 <--> 3300 mV at 1800 mV 
VGEN5: 1800 <--> 3300 mV at 3000 mV 
VGEN6: 1800 <--> 3300 mV at 3300 mV 
Serial: IMX driver
2020000.serial: ttymxc0 at MMIO 0x2020000 (irq = 58) is a IMX
console [ttymxc0] enabled
serial: Freescale lpuart driver
[drm] Initialized drm 1.1.0 20060810
[drm] Initialized vivante 1.0.0 20120216 on minor 0
brd: module loaded
loop: module loaded
m25p80 spi32766.0: m25p32 (4096 Kbytes)
spi_imx 2008000.ecspi: probed
CAN device driver interface
libphy: fec_enet_mii_bus: probed
fec 2188000.ethernet eth0: registered PHC device 0
ehci_hcd: USB 2.0 'Enhanced' Host Controller (EHCI) Driver
usbcore: registered new interface driver usb-storage
ci_hdrc ci_hdrc.1: doesn't support gadget
ci_hdrc ci_hdrc.1: EHCI Host Controller
ci_hdrc ci_hdrc.1: new USB bus registered, assigned bus number 1
ci_hdrc ci_hdrc.1: USB 2.0 started, EHCI 1.00
hub 1-0:1.0: USB hub found
hub 1-0:1.0: 1 port detected
mousedev: PS/2 mouse device common for all mice
elan-touch 2-0010: elan - Read Hello Packet Failed
elan-touch: probe of 2-0010 failed with error -22
egalax_ts 1-0004: Failed to read firmware version
egalax_ts: probe of 1-0004 failed with error -5
input: eGalax Touch Screen as /devices/soc0/soc.1/2100000.aips-bus/21a8000.i2c/i2c-2/2-0004/input/input0
input: max11801_ts as /devices/soc0/soc.1/2100000.aips-bus/21a4000.i2c/i2c-1/1-0048/input/input1
input: isl29023 light sensor as /devices/virtual/input/input2
isl29023 2-0044: driver version 1.0 enabled
i2c-core: driver [isl29023] using legacy suspend method
i2c-core: driver [isl29023] using legacy resume method
snvs_rtc 20cc034.snvs-rtc-lp: rtc core: registered 20cc034.snvs-rtc-lp as rtc0
i2c /dev entries driver
mxc_v4l2_output v4l2_out.36: V4L2 device registered as video16
mxc_v4l2_output v4l2_out.36: V4L2 device registered as video17
mxc_v4l2_output v4l2_out.36: V4L2 device registered as video18
mag3110 2-000e: check mag3110 chip ID
input: mag3110 as /devices/virtual/input/input3
mag3110 2-000e: mag3110 is probed
i2c-core: driver [mag3110] using legacy suspend method
i2c-core: driver [mag3110] using legacy resume method
input: mma845x as /devices/virtual/input/input4
imx2-wdt 20bc000.wdog: IMX2+ Watchdog Timer enabled. timeout=60s (nowayout=0)
cpuidle: using governor ladder
cpuidle: using governor menu
sdhci: Secure Digital Host Controller Interface driver
sdhci: Copyright(c) Pierre Ossman
sdhci-pltfm: SDHCI platform and OF driver helper
mmc0: no vqmmc regulator found
mmc0: no vmmc regulator found
mmc0: SDHCI controller on 2194000.usdhc [2194000.usdhc] using ADMA
mmc1: no vqmmc regulator found
mmc1: no vmmc regulator found
mmc1: SDHCI controller on 2198000.usdhc [2198000.usdhc] using ADMA
mmc2: no vqmmc regulator found
mmc2: no vmmc regulator found
mmc2: SDHCI controller on 219c000.usdhc [219c000.usdhc] using ADMA
mmc1: new SD card at address aaaa
mmcblk0: mmc1:aaaa SU02G 1.84 GiB (ro)
 mmcblk0: p1 p2
mmc2: new high speed DDR MMC card at address 0001
mmcblk1: mmc2:0001 SEM08G 7.39 GiB 
mmcblk1boot0: mmc2:0001 SEM08G partition 1 1.00 MiB
mmcblk1boot1: mmc2:0001 SEM08G partition 2 1.00 MiB
mmcblk1rpmb: mmc2:0001 SEM08G partition 3 128 KiB
 mmcblk1: unknown partition table
 mmcblk1boot1: unknown partition table
 mmcblk1boot0: unknown partition table
Galcore version 4.6.9.9754
mxc_vdoa 21e4000.vdoa: i.MX Video Data Order Adapter(VDOA) driver probed
mxc_asrc 2034000.asrc: mxc_asrc registered
mxc_vpu 2040000.vpu: VPU initialized
leds-gpio leds.20: pins are not configured from the driver
caam 2100000.caam: device ID = 0x0a16010000000100 (Era -524)
caam 2100000.caam: job rings = 2, qi = 0
caam 2100000.caam: authenc-hmac-md5-cbc-aes-caam
caam 2100000.caam: authencesn-hmac-md5-cbc-aes-caam
caam 2100000.caam: authenc-hmac-sha1-cbc-aes-caam
caam 2100000.caam: authencesn-hmac-sha1-cbc-aes-caam
caam 2100000.caam: authenc-hmac-sha224-cbc-aes-caam
caam 2100000.caam: authencesn-hmac-sha224-cbc-aes-caam
caam 2100000.caam: authenc-hmac-sha256-cbc-aes-caam
caam 2100000.caam: authencesn-hmac-sha256-cbc-aes-caam
caam 2100000.caam: authenc-hmac-md5-cbc-des3_ede-caam
caam 2100000.caam: authencesn-hmac-md5-cbc-des3_ede-caam
caam 2100000.caam: authenc-hmac-sha1-cbc-des3_ede-caam
caam 2100000.caam: authencesn-hmac-sha1-cbc-des3_ede-caam
caam 2100000.caam: authenc-hmac-sha224-cbc-des3_ede-caam
caam 2100000.caam: authencesn-hmac-sha224-cbc-des3_ede-caam
caam 2100000.caam: authenc-hmac-sha256-cbc-des3_ede-caam
caam 2100000.caam: authencesn-hmac-sha256-cbc-des3_ede-caam
caam 2100000.caam: authenc-hmac-md5-cbc-des-caam
caam 2100000.caam: authencesn-hmac-md5-cbc-des-caam
caam 2100000.caam: authenc-hmac-sha1-cbc-des-caam
caam 2100000.caam: authencesn-hmac-sha1-cbc-des-caam
caam 2100000.caam: authenc-hmac-sha224-cbc-des-caam
caam 2100000.caam: authencesn-hmac-sha224-cbc-des-caam
caam 2100000.caam: authenc-hmac-sha256-cbc-des-caam
caam 2100000.caam: authencesn-hmac-sha256-cbc-des-caam
caam 2100000.caam: ecb-des-caam
caam 2100000.caam: ecb-arc4-caam
caam 2100000.caam: ecb-aes-caam
caam 2100000.caam: ctr-aes-caam
caam 2100000.caam: cbc-aes-caam
caam 2100000.caam: ecb-des3-caam
caam 2100000.caam: cbc-3des-caam
caam 2100000.caam: cbc-des-caam
caam 2100000.caam: fsl,sec-v4.0 algorithms registered in /proc/crypto
platform 2101000.jr0: registering rng-caam
platform caam_sm: caam_sm_test: 8-byte key test match OK
platform caam_sm: caam_sm_test: 16-byte key test match OK
platform caam_sm: caam_sm_test: 32-byte key test match OK
platform caam_secvio.38: security violation service handlers armed
usbcore: registered new interface driver usbhid
usbhid: USB HID core driver
i2c-core: driver [cs42888] using legacy suspend method
i2c-core: driver [cs42888] using legacy resume method
wm8962 0-001a: customer id 0 revision D
input: WM8962 Beep Generator as /devices/soc0/soc.1/2100000.aips-bus/21a0000.i2c/i2c-0/0-001a/input/input5
imx-wm8962 sound.28:  wm8962 <-> 202c000.ssi mapping ok
input: wm8962-audio AMIC as /devices/soc0/sound.28/sound/card0/input6
input: wm8962-audio Headphone Jack as /devices/soc0/sound.28/sound/card0/input7
imx-audio-hdmi sound-hdmi.29:  hdmi-hifi <-> hdmi_audio.16 mapping ok
TCP: cubic registered
NET: Registered protocol family 10
sit: IPv6 over IPv4 tunneling driver
NET: Registered protocol family 17
can: controller area network core (rev 20120528 abi 9)
NET: Registered protocol family 29
can: raw protocol (rev 20120528)
can: broadcast manager protocol (rev 20120528 t)
can: netlink gateway (rev 20130117) max_hops=1
8021q: 802.1Q VLAN Support v1.8
Key type dns_resolver registered
VFP support v0.3: implementor 41 architecture 3 part 30 variant 9 rev 4
VGEN3: disabling
VGEN2: disabling
VGEN1: disabling
input: gpio-keys.27 as /devices/soc0/gpio-keys.27/input/input8
snvs_rtc 20cc034.snvs-rtc-lp: setting system clock to 2016-02-10 16:16:55 UTC (1455121015)
ALSA device list:
  #0: wm8962-audio
  #1: imx-hdmi-soc
kjournald starting.  Commit interval 5 seconds
EXT3-fs (mmcblk0p2): mounted filesystem with ordered data mode
VFS: Mounted root (ext3 filesystem) readonly on device 179:2.
devtmpfs: mounted
Freeing unused kernel memory: 268K (80c03000 - 80c46000)
INIT: version 2.88 booting
Starting udev
udevd[192]: starting version 182
ov5640_read_reg:write reg error:reg=300a
camera ov5640 is not found
ov5640_read_reg:write reg error:reg=300a
camera ov5640_mipi is not found
ov5642_read_reg:write reg error:reg=300a
camera ov5642 is not found
ERROR: v4l2 capture: slave not found!
ERROR: v4l2 capture: slave not found!
bootlogd: cannot allocate pseudo tty: No such file or directory
urandom start: failed.
Populating dev cache
/etc/rcS.d/S36udev-cache: line 36: can't create /etc/udev-cache.tar.gz: Read-only file system
/etc/init.d/rc: /etc/rcS.d/S37populate-volatile.sh: line 1: can't create /etc/volatile.cache.build: Read-only file system
/etc/init.d/rc: /etc/rcS.d/S37populate-volatile.sh: line 1: can't create /etc/volatile.cache.build: Read-only file system
/etc/init.d/rc: /etc/rcS.d/S37populate-volatile.sh: line 1: can't create /etc/volatile.cache.build: Read-only file system
/etc/init.d/rc: /etc/rcS.d/S37populate-volatile.sh: line 1: can't create /etc/volatile.cache.build: Read-only file system
/etc/init.d/rc: /etc/rcS.d/S37populate-volatile.sh: line 1: can't create /etc/volatile.cache.build: Read-only file system
/etc/init.d/rc: /etc/rcS.d/S37populate-volatile.sh: line 1: can't create /etc/volatile.cache.build: Read-only file system
/etc/init.d/rc: /etc/rcS.d/S37populate-volatile.sh: line 1: can't create /etc/volatile.cache.build: Read-only file system
/etc/init.d/rc: /etc/rcS.d/S37populate-volatile.sh: line 1: can't create /etc/volatile.cache.build: Read-only file system
/etc/init.d/rc: /etc/rcS.d/S37populate-volatile.sh: line 1: can't create /etc/volatile.cache.build: Read-only file system
rm: can't remove '/tmp': Read-only file system
/etc/init.d/rc: /etc/rcS.d/S37populate-volatile.sh: line 1: can't create /etc/volatile.cache.build: Read-only file system
ln: /tmp/tmp: Read-only file system
/etc/init.d/rc: /etc/rcS.d/S37populate-volatile.sh: line 1: can't create /etc/volatile.cache.build: Read-only file system
/etc/init.d/rc: /etc/rcS.d/S37populate-volatile.sh: line 1: can't create /etc/volatile.cache.build: Read-only file system
/etc/init.d/rc: /etc/rcS.d/S37populate-volatile.sh: line 1: can't create /etc/volatile.cache.build: Read-only file system
ln: /etc/resolv.conf: Read-only file system
/etc/init.d/rc: /etc/rcS.d/S37populate-volatile.sh: line 1: can't create /etc/volatile.cache.build: Read-only file system
/etc/init.d/rc: /etc/rcS.d/S37populate-volatile.sh: line 1: can't create /etc/volatile.cache.build: Read-only file system
/etc/init.d/rc: /etc/rcS.d/S37populate-volatile.sh: line 1: can't create /etc/volatile.cache.build: Read-only file system
ALSA: Restoring mixer settings...
INIT: Entering runlevel: 5
No state is present for card imxhdmisoc
Found hardware: "imx-hdmi-soc" "" "" "" ""
Hardware is initialized using a generic method
No state is present for card imxhdmisoc
Configuring network interfaces... fec 2188000.ethernet eth0: Freescale FEC PHY driver [Generic PHY] (mii_bus:phy_addr=2188000.ethernet:01, irq)
IPv6: ADDRCONF(NETDEV_UP): eth0: link is not ready
udhcpc (v1.22.1) started
Sending discover...
Sending discover...
Sending discover...
No lease, forking to background
done.
Starting Xserver
Could not create /var/lib/dbus/machine-id.J0EBpFyV: Read-only file system
Starting system message bus: dbus.
Starting rpcbind daemon...done.
Starting advanced power management daemon: No APM support in kernel
(failed.)
Starting syslogd/klogd: done
 * Starting Avahi mDNS/DNS-SD Daemon: avahi-daemon
   ...done.
Starting Telephony daemon
Starting Linux NFC daemon

Poky (Yocto Project Reference Distro) 1.7 imx6dlsabresd /dev/ttymxc0

imx6dlsabresd login: root
root@imx6dlsabresd:~#
